airgap@airgap-Latitude-5550:~$ mkdir gitpractice
airgap@airgap-Latitude-5550:~$ cd gitpractice/
airgap@airgap-Latitude-5550:~/gitpractice$ git init
hint: Using 'master' as the name for the initial branch. This default branch name
hint: is subject to change. To configure the initial branch name to use in all
hint: of your new repositories, which will suppress this warning, call:
hint:
hint: 	git config --global init.defaultBranch <name>
hint:
hint: Names commonly chosen instead of 'master' are 'main', 'trunk' and
hint: 'development'. The just-created branch can be renamed via this command:
hint:
hint: 	git branch -m <name>
Initialized empty Git repository in /home/airgap/gitpractice/.git/
airgap@airgap-Latitude-5550:~/gitpractice$ git remote add orgin https://github.com/BraydenMcMahon/gitpractice.git
airgap@airgap-Latitude-5550:~/gitpractice$ git add .
airgap@airgap-Latitude-5550:~/gitpractice$ git commit -m "inital"
On branch master

Initial commit

nothing to commit (create/copy files and use "git add" to track)
airgap@airgap-Latitude-5550:~/gitpractice$ git push -u orgin main
error: src refspec main does not match any
error: failed to push some refs to 'https://github.com/BraydenMcMahon/gitpractice.git'
airgap@airgap-Latitude-5550:~/gitpractice$ 

